
ÔòÉÔòÉÔòÉÔòÉÔòÉÔòÉÔòÉÔòÉÔòÉÔòÉÔòÉÔòÉÔòÉÔòÉÔòÉÔòÉÔòÉÔòÉÔòÉÔòÉÔòÉÔòÉÔòÉÔòÉÔòÉÔòÉÔòÉÔòÉÔòÉÔòÉÔòÉÔòÉÔòÉÔòÉÔòÉÔòÉÔòÉÔòÉÔòÉÔòÉÔòÉÔòÉÔòÉÔòÉÔòÉÔòÉÔòÉÔòÉÔòÉÔòÉÔòÉÔòÉÔòÉÔòÉÔòÉÔòÉÔòÉÔòÉÔòÉÔòÉÔòÉÔòÉÔòÉ
  TESTES DE SEGURAN├çA - BACKEND
ÔòÉÔòÉÔòÉÔòÉÔòÉÔòÉÔòÉÔòÉÔòÉÔòÉÔòÉÔòÉÔòÉÔòÉÔòÉÔòÉÔòÉÔòÉÔòÉÔòÉÔòÉÔòÉÔòÉÔòÉÔòÉÔòÉÔòÉÔòÉÔòÉÔòÉÔòÉÔòÉÔòÉÔòÉÔòÉÔòÉÔòÉÔòÉÔòÉÔòÉÔòÉÔòÉÔòÉÔòÉÔòÉÔòÉÔòÉÔòÉÔòÉÔòÉÔòÉÔòÉÔòÉÔòÉÔòÉÔòÉÔòÉÔòÉÔòÉÔòÉÔòÉÔòÉÔòÉ

­ƒôï Valida├º├úo de Input:

Ô£ô Deve aceitar ID positivo v├ílido
Ô£ô Deve rejeitar ID negativo
Ô£ô Deve rejeitar ID n├úo-inteiro
Ô£ô Deve rejeitar ID zero

­ƒøí´©Å  CSRF Protection:

Ô£ô Deve gerar CSRF token v├ílido
Ô£ô Deve validar CSRF token correto
Ô£ô Deve rejeitar CSRF tokens diferentes
Ô£ô Deve rejeitar CSRF token null

­ƒôØ Audit Logging:

Ô£ô Deve criar log de auditoria com timestamp
[Audit] {"timestamp":"2026-06-01T21:13:22.295Z","action":"login_test","userId":456,"resource":"auth","details":{},"ipAddress":"unknown","userAgent":"unknown"}
Ô£ô Deve registrar e recuperar logs de auditoria
[Audit] {"timestamp":"2026-06-01T21:13:22.295Z","action":"action_a","userId":1,"resource":"res","details":{},"ipAddress":"unknown","userAgent":"unknown"}
[Audit] {"timestamp":"2026-06-01T21:13:22.295Z","action":"action_b","userId":2,"resource":"res","details":{},"ipAddress":"unknown","userAgent":"unknown"}
Ô£ô Deve filtrar logs por a├º├úo

­ƒº╣ String Sanitization:

Ô£ô Deve sanitizar strings corretamente
Ô£ô Deve limitar tamanho de string
Ô£ô Deve converter n├úo-string para string vazia

ÔÅ▒´©Å  Rate Limiting:

Ô£ô Deve criar rate limiter function

­ƒöÆ Security Headers:

Ô£ô Deve aplicar security headers

ÔÜá´©Å  Error Handling:

node : [Error] {
No linha:1 caractere:1
+ node tests/run-security-tests.js > test-results.txt 2>&1; Get-Content ...
+ ~~~~~~~~~~~~~~~~~~~~~~~~~~~~~~~~~~~~~~~~~~~~~~~~~~~~~~~~
    + CategoryInfo          : NotSpecified: ([Error] {:String) [], RemoteExcep 
   tion
    + FullyQualifiedErrorId : NativeCommandError
 
  message: 'Erro interno',
  path: '/api/test',
  method: 'GET',
  stack: undefined
}
Ô£ô Deve n├úo expor stack trace em produ├º├úo

ÔòÉÔòÉÔòÉÔòÉÔòÉÔòÉÔòÉÔòÉÔòÉÔòÉÔòÉÔòÉÔòÉÔòÉÔòÉÔòÉÔòÉÔòÉÔòÉÔòÉÔòÉÔòÉÔòÉÔòÉÔòÉÔòÉÔòÉÔòÉÔòÉÔòÉÔòÉÔòÉÔòÉÔòÉÔòÉÔòÉÔòÉÔòÉÔòÉÔòÉÔòÉÔòÉÔòÉÔòÉÔòÉÔòÉÔòÉÔòÉÔòÉÔòÉÔòÉÔòÉÔòÉÔòÉÔòÉÔòÉÔòÉÔòÉÔòÉÔòÉÔòÉÔòÉÔòÉ
  RESULTADO: 17 Ô£ô | 0 Ô£ù
ÔòÉÔòÉÔòÉÔòÉÔòÉÔòÉÔòÉÔòÉÔòÉÔòÉÔòÉÔòÉÔòÉÔòÉÔòÉÔòÉÔòÉÔòÉÔòÉÔòÉÔòÉÔòÉÔòÉÔòÉÔòÉÔòÉÔòÉÔòÉÔòÉÔòÉÔòÉÔòÉÔòÉÔòÉÔòÉÔòÉÔòÉÔòÉÔòÉÔòÉÔòÉÔòÉÔòÉÔòÉÔòÉÔòÉÔòÉÔòÉÔòÉÔòÉÔòÉÔòÉÔòÉÔòÉÔòÉÔòÉÔòÉÔòÉÔòÉÔòÉÔòÉÔòÉÔòÉ

Ô£à TODOS OS TESTES DE SEGURAN├çA PASSARAM!

